python : Traceback 
(most recent call 
last):
At line:1 char:1
+ python -c "from yout
ube_transcript_api 
import 
YouTubeTranscriptApi; 
p ...
+ ~~~~~~~~~~~~~~~~~~~~
~~~~~~~~~~~~~~~~~~~~~~
~~~~~~~~~~~~~~~~~~~~~~
~~~~~
    + CategoryInfo    
          : NotSpeci  
  fied: (Traceback    
 (most recent call    
 last)::String) [    
], RemoteExceptio    n
    + FullyQualifiedE 
   rrorId : NativeCo  
  mmandError
 
  File "<string>", 
line 1, in <module>
AttributeError: type 
object 'YouTubeTranscr
iptApi' has no 
attribute 
'get_transcript'
